mode: set
github.com/JLugagne/libauth/sessions/memory/store.go:18.24,22.2 1 1
github.com/JLugagne/libauth/sessions/memory/store.go:25.110,32.25 5 1
github.com/JLugagne/libauth/sessions/memory/store.go:32.25,34.3 1 1
github.com/JLugagne/libauth/sessions/memory/store.go:36.2,38.12 2 1
github.com/JLugagne/libauth/sessions/memory/store.go:42.126,48.34 4 1
github.com/JLugagne/libauth/sessions/memory/store.go:48.34,49.34 1 1
github.com/JLugagne/libauth/sessions/memory/store.go:49.34,50.61 1 1
github.com/JLugagne/libauth/sessions/memory/store.go:50.61,53.5 2 1
github.com/JLugagne/libauth/sessions/memory/store.go:57.2,57.41 1 1
github.com/JLugagne/libauth/sessions/memory/store.go:61.97,67.25 5 1
github.com/JLugagne/libauth/sessions/memory/store.go:67.25,69.3 1 1
github.com/JLugagne/libauth/sessions/memory/store.go:71.2,72.42 2 1
github.com/JLugagne/libauth/sessions/memory/store.go:72.42,74.3 1 1
github.com/JLugagne/libauth/sessions/memory/store.go:76.2,78.12 2 1
github.com/JLugagne/libauth/sessions/memory/store.go:82.110,88.25 5 1
github.com/JLugagne/libauth/sessions/memory/store.go:88.25,90.3 1 1
github.com/JLugagne/libauth/sessions/memory/store.go:92.2,92.35 1 1
github.com/JLugagne/libauth/sessions/memory/store.go:92.35,93.57 1 1
github.com/JLugagne/libauth/sessions/memory/store.go:93.57,95.4 1 1
github.com/JLugagne/libauth/sessions/memory/store.go:98.2,98.12 1 1
github.com/JLugagne/libauth/sessions/pgx/store.go:18.55,20.16 2 1
github.com/JLugagne/libauth/sessions/pgx/store.go:20.16,22.3 1 0
github.com/JLugagne/libauth/sessions/pgx/store.go:23.2,23.32 1 1
github.com/JLugagne/libauth/sessions/pgx/store.go:23.32,25.17 2 1
github.com/JLugagne/libauth/sessions/pgx/store.go:25.17,27.4 1 0
github.com/JLugagne/libauth/sessions/pgx/store.go:28.3,28.58 1 1
github.com/JLugagne/libauth/sessions/pgx/store.go:28.58,30.4 1 0
github.com/JLugagne/libauth/sessions/pgx/store.go:32.2,32.12 1 1
github.com/JLugagne/libauth/sessions/pgx/store.go:48.36,50.2 1 1
github.com/JLugagne/libauth/sessions/pgx/store.go:52.60,54.29 2 1
github.com/JLugagne/libauth/sessions/pgx/store.go:54.29,56.3 1 0
github.com/JLugagne/libauth/sessions/pgx/store.go:57.2,57.26 1 1
github.com/JLugagne/libauth/sessions/pgx/store.go:61.110,63.20 2 1
github.com/JLugagne/libauth/sessions/pgx/store.go:63.20,65.3 1 1
github.com/JLugagne/libauth/sessions/pgx/store.go:67.2,74.12 3 1
github.com/JLugagne/libauth/sessions/pgx/store.go:78.126,87.29 4 1
github.com/JLugagne/libauth/sessions/pgx/store.go:87.29,90.3 2 1
github.com/JLugagne/libauth/sessions/pgx/store.go:92.2,96.16 4 1
github.com/JLugagne/libauth/sessions/pgx/store.go:96.16,97.36 1 1
github.com/JLugagne/libauth/sessions/pgx/store.go:97.36,99.4 1 1
github.com/JLugagne/libauth/sessions/pgx/store.go:100.3,100.18 1 0
github.com/JLugagne/libauth/sessions/pgx/store.go:103.2,103.19 1 1
github.com/JLugagne/libauth/sessions/pgx/store.go:107.97,112.16 4 1
github.com/JLugagne/libauth/sessions/pgx/store.go:112.16,114.3 1 0
github.com/JLugagne/libauth/sessions/pgx/store.go:116.2,116.29 1 1
github.com/JLugagne/libauth/sessions/pgx/store.go:116.29,118.3 1 1
github.com/JLugagne/libauth/sessions/pgx/store.go:120.2,120.12 1 1
github.com/JLugagne/libauth/sessions/pgx/store.go:124.110,130.2 4 1
github.com/JLugagne/libauth/sessions/middleware.go:15.92,16.54 1 1
github.com/JLugagne/libauth/sessions/middleware.go:16.54,21.17 3 1
github.com/JLugagne/libauth/sessions/middleware.go:21.17,23.4 1 1
github.com/JLugagne/libauth/sessions/middleware.go:26.3,26.18 1 1
github.com/JLugagne/libauth/sessions/middleware.go:26.18,28.48 2 1
github.com/JLugagne/libauth/sessions/middleware.go:28.48,30.5 1 1
github.com/JLugagne/libauth/sessions/middleware.go:33.3,33.18 1 1
github.com/JLugagne/libauth/sessions/middleware.go:33.18,36.4 2 1
github.com/JLugagne/libauth/sessions/middleware.go:39.3,40.17 2 1
github.com/JLugagne/libauth/sessions/middleware.go:40.17,43.4 2 1
github.com/JLugagne/libauth/sessions/middleware.go:45.3,51.33 2 1
github.com/JLugagne/libauth/sessions/service.go:26.38,30.2 1 1
github.com/JLugagne/libauth/sessions/service.go:32.168,34.49 2 1
github.com/JLugagne/libauth/sessions/service.go:34.49,36.3 1 0
github.com/JLugagne/libauth/sessions/service.go:38.2,52.82 4 1
github.com/JLugagne/libauth/sessions/service.go:52.82,54.3 1 1
github.com/JLugagne/libauth/sessions/service.go:56.2,56.28 1 1
github.com/JLugagne/libauth/sessions/service.go:59.104,63.16 3 1
github.com/JLugagne/libauth/sessions/service.go:63.16,65.3 1 1
github.com/JLugagne/libauth/sessions/service.go:67.2,67.41 1 1
github.com/JLugagne/libauth/sessions/service.go:67.41,69.3 1 1
github.com/JLugagne/libauth/sessions/service.go:71.2,71.21 1 1
github.com/JLugagne/libauth/sessions/service.go:74.90,78.16 3 1
github.com/JLugagne/libauth/sessions/service.go:78.16,80.3 1 1
github.com/JLugagne/libauth/sessions/service.go:82.2,82.77 1 1
github.com/JLugagne/libauth/sessions/service.go:85.50,89.2 3 1
github.com/JLugagne/libauth/sessions/store.go:18.35,19.31 1 1
github.com/JLugagne/libauth/sessions/store.go:19.31,21.3 1 1
github.com/JLugagne/libauth/sessions/store.go:25.47,27.27 2 1
github.com/JLugagne/libauth/sessions/store.go:27.27,29.3 1 1
github.com/JLugagne/libauth/sessions/store.go:30.2,30.10 1 1
github.com/JLugagne/libauth/sessions/storetest/contract.go:22.114,23.32 1 0
github.com/JLugagne/libauth/sessions/storetest/contract.go:23.32,24.48 1 0
github.com/JLugagne/libauth/sessions/storetest/contract.go:26.2,26.51 1 0
github.com/JLugagne/libauth/sessions/storetest/contract.go:29.130,30.36 1 0
github.com/JLugagne/libauth/sessions/storetest/contract.go:30.36,31.52 1 0
github.com/JLugagne/libauth/sessions/storetest/contract.go:33.2,33.57 1 0
github.com/JLugagne/libauth/sessions/storetest/contract.go:36.101,37.32 1 0
github.com/JLugagne/libauth/sessions/storetest/contract.go:37.32,38.48 1 0
github.com/JLugagne/libauth/sessions/storetest/contract.go:40.2,40.46 1 0
github.com/JLugagne/libauth/sessions/storetest/contract.go:43.114,44.41 1 0
github.com/JLugagne/libauth/sessions/storetest/contract.go:44.41,45.57 1 0
github.com/JLugagne/libauth/sessions/storetest/contract.go:47.2,47.59 1 0
github.com/JLugagne/libauth/sessions/storetest/contract.go:51.84,55.20 3 0
github.com/JLugagne/libauth/sessions/storetest/contract.go:55.20,58.3 2 0
github.com/JLugagne/libauth/sessions/storetest/contract.go:60.2,60.53 1 0
github.com/JLugagne/libauth/sessions/storetest/contract.go:60.53,92.3 15 0
github.com/JLugagne/libauth/sessions/storetest/contract.go:94.2,94.57 1 0
github.com/JLugagne/libauth/sessions/storetest/contract.go:94.57,107.3 9 0
github.com/JLugagne/libauth/sessions/storetest/contract.go:109.2,109.20 1 0
github.com/JLugagne/libauth/sessions/storetest/contract.go:109.20,110.64 1 0
github.com/JLugagne/libauth/sessions/storetest/contract.go:110.64,133.4 9 0
